# Special level "DeaThwaTch" in The Orc Caves
#
# CreaTed for PernAngband 5.0.1 on 18/8/01
# AlTered by MynsTral (mynsTral@Thehelm.com)

%:special.txt

### GuaranTeed monsTers
# Mirkwood spiders
F:a:1:0:277

# Spider QuylThulg
F:b:1:0:753

# Hill orc on normal floor
F:c:1:0:964

# Black orc on normal floor
F:d:1:0:963



### GuaranTeed iTems
# STing on normal floor
F:1:1:0:0:0:0:239



### Dungeon Design
D:....TTTTTTTTTTTTTTTTTTTTTTTTTTTTTTTTTTTTTTTTTTTTTTTTTTTTTTTTTTTTTTTTTTTTTTTTTTTTTTTTTTTTTTTTTTTTTTTTTTTTTTT
D:....>..T...................................................................................................
D:T.d....Td..................................................................................................
D:T.a....T.......a.......................a................................a..................................
D:TTTTTTTTTTTTTTTTTTTTTTTTTTTTTTTTTTTTTTTT...................................................................
D:T..........................................................................................................
D:T..........................................................................................................
D:TTTTTTTTTTTTTTTTTTTTTTTTTTTTTTTTTTTTTTTTTTTTTTTTTTTTTTTT...................................................
D:T................................................###.......................................................
D:T................................................#b#TTTTTTTTTTTTTTTTTTTTTTTTTTTTTTTTTTTTTTTTTTTTTTTT.......
D:T................................................#1#.a.....................................................
D:T................a.........T.................#####c#####...................................................
D:T............................................#b.......b#...................................................									
D:T............................................#####+#####...................................................
D:T...a............... a.....................................................................................
D:TTTTTTTTTTTTTTTTTTTTTTTTTTTTTTTTTTTTTTTTTTTTTTTT...........................................................
D:T......................aTTTTTTTTTTTTTTTTTTTTTTTTTTTTTTTTTTTTTTTTTTTTTTTTTTTTTTTTTTT........................
D:T................d....................................................a....................................
D:T.........................a............a...................................................................
D:TTTTTTTTTTTTTTTTTTTTTTTTTTTTTTTTTTTTTTTTTTTTTTTTTTTTTTTTTTTTTTTTTTTTTTTTTT.................................
D:T..........................................................................................................
D:T.......................................a..................................................................
D:TTTTTTTTTTTTTTTTTTTTTTTTTTTTTTTTTTTTTTTTTTTTTTTTTTTTTTTTTTTTTTTTTTTTTTTTTTTTTTTTTTTTTTTTTTTTTTTTTTTTTTTTTTT


### STarTing LocaTion
P:1:1
