# Special level "Bridge Of Khazad-Dum" in Moria
# Made by Burb Lulls

%:special.txt

# chasm
F:-:251:0

### Guaranteed monsters
# Uruk on normal floor
F:e:1:0:313

# Elite Uruk on normal floor
F:c:1:0:866

# Ogrillon on normal floor
F:d:1:0:285

# Stone Troll on normal floor
F:b:1:0:401

# Eldrak on normal floor
F:a:1:0:620

# Durin's Bane on normal floor
F:B:1:0:872

### Dungeon Design
D:XXXXXXXXXXXXXXXXXXXXXXXXXXXXXXXXXXXXXXXXXXXXXXXXXXXXXXXXXXXXXXXXXXXXXXXXXXXXXXXXXXXXXXXXXXXXXXXXXXXXXXXXXXXXXXXXXXXXXXXXXXXXXXX
D:XXXXXXXXXXXXXXXXXXXXXXXXXXXXXXXXXXXXXXXXXXXXXXXXXXXXXXXXXXXXXXXXXXXXXXXXXXXXXXXXXXXXXXXXXXXXXXXXXXXXXXXXXXXXXXXXXXXXXXXXXXXXXXX
D:XXXXXXXXXXXXXXXXXXXXXXXXXXXXXXXXXXXXXXXXXXXXXXXXXXXXXXXXXXXXXXXXXXXXXXXXXXXXXXXXXXXXXXXXXXXXXXXXXXXXXXXXXXXXXXXXXXXXXXXXXXXXXXX
D:XXXXXXXXXXXXXXXXXXXXXXXXXXXXXXXXXXXXXXXXXXXXXXXXXXXXXXXXXXXXXXXXXXXXXXXXXXXXXXX........b.XXXXXXXXXXXXXXXXXXXXXXXXXXXXXXXXXXXXXX
D:XXXXXXXXXXXXXXXXXXXXXXXXXXXXXXXXXXXXXXXXXXXXXXXXXXXXXXXXXXXXXXXXXXXXXXXXXXXXXXX..bb............e....e....e.......XXXXXXXXXXXXXX
D:XXXXXXXXXXXXXXXXXXXXXXXXXXXXXXXXXXXXXXXXXXXXXXXXXXXXXXXXXXXXXXXXXXXXXXXXXXXXXXX..a...b...XXXXXXXXXXXXXXXXDDXXXXDDXXXXXXXXXXXXXX
D:XXXXXXXXXXXXXXXXXXXXXXXXXXXXXXXXXXXXXXXXXXXXXXXXXXXXXXXXXXXXXXXXXXXXXXXXXXXXXXXXXXXXXXX..XXXXXXXXXXXXXXXXeeDeeXeeXXXXXXXXXXXXXX
D:XXXXXXXXXXXXXXXXXXXXXXXXXXXXXXXXXXXXXXXXXXXXXXXXXXXXXXXXXXXXXXXXXXXXXXXXXXXXXXXXXXXXXXX..XXXXXXXXXXXXXXXXXXXXXXDDXXXXXXXXXXXXXX
D:XXXXXXX..........XXXXXXXXXXXXXXXXXXXXXXXXXXXXX...XXXXXXXXXXXXXXXXXXXXXXXXXXXXXXXXXXXXXXXd.XXXXXXXXXXXXXXXddDddDddXXXXXXXXXXXXXX
D:XXXXX..............XXXXXXXXXXXXXXXXXXXXXXXXX.....d.XXXXXXXXXXXXX.....XXXXXXXXXXXXXXXXXXXX..XXXXXXXXXXXXXXDDXXXXDDXXXXXXXXXXXXXX
D:XXX..................XXXXXXXXXXXXXXXXXXXXX...XXXX....XXXXXXXX....d.X..XXXXXXXXXXXXXXXXXXXX..XX.....b..XXXccXccDccXXXXXXXXXXXXXX
D:XXXXX.................XXXXXXXXXXXXXXXXXXXDDXXXXXXXX.e.XXXXX...dXXXXXX.D....d.....e..XXXXX...XX..eXX...XXXDDXXXXXXXXXXXXXXXXXXXX
D:XXXXXXX............X..XXXXXX.................XXXXXXXX.d.X..d.XXXXXXXXXX...c.c..c....XXXXX..XXX..eXXb..XXXbbDbbDbbXXXXXXXXXXXXXX
D:XXXXXXXXXXX..XXXXXXX..XXXXXX...e..d...e.d....XXXXXXXXX..D..XXXXXXXXXXXX....e......d.D.....c...dd.XXc..XXXDDXXXXDDXXXXXXXXXXXXXX
D:XXXXXXXXXXXDDXXXXXXX..XXXXXX....d...d........XXXXXXXXXXXX...XXXXXXXXXXX..d...c..e...XXXXXXXXXX.d.XXb..XXXaaDaaXaaXXXXXXXXXXXXXX
D:XXXXXXXXXXX..XXXXXXX.......D.......e..d..e...XXXXXXXXXXXXX..XXXXXXXXXXX.c......c....XXXXXXXXXX.XXXXXX.XXXXXXXXXDDXXXXXXXXXXXXXX
D:XXXXXXXXXXX..XXXXXXXXXXXXXXX...e.......e.....XXXXXXXXXXXXXXDXXXXXXXXXXXXXXXXXXXXXXXXXXXXXXXXXX..XXXX..XXX...a....XXXXXXXXXXXXXX
D:XXXXXXXXXXX..XXXXXXXXXXXXXXXXXXXXXXXDDXXXXXXXXXXXXXXXXXXX.d.XXXXXXXXX.X..X.XXXXXXXXXXXXXXXXXXX..aXX...XXX........D...XXXXXXXXXX
D:XXXXX.................XXXXXXXXXXXXXX..XXXXXXXXXXXXXXXXXX...XXXXXXXXXX.X##X.XXXXXXXXXXXXXXXXXXX........XXX..a.....XXa..XXXXXXXXX
D:XXXXXDDXXXXXXXXXXXXX..XXXXXXXXXX.......d...XXXXXXXXXXXXc.XXXXXXXXXXXX#X..X#XXXXXXXXXXXXXXXXXXXXXX..XXXXXXXXXXXXXXXXX.a.XXXXXXXX
D:XXXXX..XXXXXXXXXXXXX..XXXXXXXXXX.....d.....XXXXXXXXXXX..XXXXXXXXXXXX..aaaa..XXXXXXXXXXXXXXXXXXXXXDDXXXXXXXXXXXXXXXXXX..XXXXXXXX
D:XXXXX..XXXXXXXXXXXXXDDXXXXXXXXXX..d........XXXXXXXXX..cXXXXXXXXXXX...ecccce...XXXaaaaaaaaaaa.................XXXXXXX..XXXXXXXXX
D:XXXXX..XXXXX..XXXXXX..XXXXXXXXXXXXXXXXXXXXXXXXXXXXXXDDXXXXXXXXXXXXX..eeeeee..XXXXXXXXXXXXXXXXXXXXXXXXXXXXXXXXXXXXXX..XXXXXXXXXX
D:XXXXX..XXXXX..XXXXXX..XXXXXXXXXXXXXXXXXXXXXXXX.c...........XXXXXXXXX........XXXXXXXXXXXXXXXXXXXXXXXXXXXXXXXXXXXX....a...XXXXXXX
D:XXXXX..XXXXXDDXXXXXX..XXXXXXXXXXXXXXXXXXXXXXXX...c.....c...XXXXXXXXXXXXXDXXXXXXXXXXXXXXXXXXXXXXXXXXXXXXXXXXXXXXXXXX..XXXXXXXXXX
D:XXXXX..XXXXX..........XXXXXXXXXXXXXXXXXXXXXXXX......c......XXXXXXXX-------------------------------------XXXXXXXXXX....XXXXXXXXX
D:XXXXX..XXXXXXXXXXXXXXXXXX..XXXXXXXXXXXXXXXXXXX.c..........cXXXXXX-----------------------------------------XXXXXXXXX..XXXXXXXXXX
D:XXXXX..XXXXXXXXXXXXXXXXXXDDXXXXXXXXXXXXXXXXXXXXXXXXXXXXXXXXXXXXX-------------------------------------------XXXXXXXX..XXXXXXXXXX
D:XXXXX..XXXXXXXXXXXXXXXXXX..XXXXXXXXXXXXXXXXXXXXXXXXXXX....XXXXXX-------------------------------------------XXXXXXXX..XXXXXXXXXX
D:XXXXX......................XXXXXXXXXXXXXXXXXXXXXXXXX...X...XXXXX----LLLLLLL---------------------.......XXXXXXXXXXXX.aXXXXXXXXXX
D:XXXXXXXXXXXXXXXXXDDXXXXXXXXXXXXXXXXXXXXXXXXXXXXXXX...XXXXX..XXXX-LLLL---------------------------------....XX..XXXXX..XXXXXXXXXX
D:XXXXXXXXXXXXXXXXX..XXXXXXXXXXXXXXXXXXXXXXXXXXXXXXXX..XXXXX...XXXlllLL---------------------------------.....XX..XXXX..XXXXXXXXXX
D:XXXXXXXXXXXXXXXXX..XXXXXXXXXXXaaaaaXXXXXXXXXXXXXXXXX...XXXX...XXlllllll.......a...b...c...d...e............XXXa.XXX..XXXXXXXXXX
D:XXXXXXXXXXXXXXXXX..XXXXXXXXXXX#####XXXXXXXXXXXXXXXXXXX..XXXX...#laaaa.........a...b...c...d...e............#........a......XXXX
D:XXXXXXXXX..................XX.......XXXXXXXXXXXXXXXX...XXXXX...#laB...........a...b...c...d...e............#....X.XXXXXXXX..XXX
D:XXXXXXXXX...ccc.....ddd....XX..eee..XXXXXXXXXXXX.....XXXXXXX...#laaaa.........a...b...c...d...e............#....X.XXXXXXXX..XXX
D:XXXXXXXXX....cc.eee..dd....XX.bbbbb.XXXXXXXXXXXX....XXXXXXXXX..#lllllll.......a...b...c...d...e............#...............XXXX
D:XXXXXXXXX........ee........DD.......XXXXXXXXXXXXXDXXXXXXXXXXXXXXlllLL---------------------------------.....XXX..XXXXXXXXXXXXXXX
D:XXXXXXXXX..................XXXXXXXXXXXXXXXXXXXX.....XXXXXXXXXXXX-LLLL---------------------------------....-XX..XXXXXXXXXXXXXXXX
D:XXXXXXXXXXXXXXXXXXXXXXXXXXXXXXXXXXXXXXXXXXXXXXX..>..XXXXXXXXXXXX----LLLLLLL---------------------.......----X..XXXXXXXXXXXXXXXXX
D:XXXXXXXXXXXXXXXXXXXXXXXXXXXXXXXXXXXXXXXXXXXXXXX.....XXXXXXXXXXXX-------------------------------------------XXXXXXXXXXXXXXXXXXXX
D:XXXXXXXXXXXXXXXXXXXXXXXXXXXXXXXXXXXXXXXXXXXXXXXX...XXXXXXXXXXXXXX-----------------------------------------XXXXXXXXXXXXXXXXXXXXX
D:XXXXXXXXXXXXXXXXXXXXXXXXXXXXXXXXXXXXXXXXXXXXXXXXXXXXXXXXXXXXXXXXXXX-------------------------------------XXXXXXXXXXXXXXXXXXXXXXX
D:XXXXXXXXXXXXXXXXXXXXXXXXXXXXXXXXXXXXXXXXXXXXXXXXXXXXXXXXXXXXXXXXXXXXXXXXXXXXXXXXXXXXXXXXXXXXXXXXXXXXXXXXXXXXXXXXXXXXXXXXXXXXXXX
### Starting Location
P:10:10