# File: t000001.txt

# Preferences for the town features
%:t_pref.txt

# Outpost

############### Buildings ###############

B:0:N:The White Horse Inn:Otick:Human
B:0:A:0:Rest for the night:20:20:r:17:0
B:0:A:1:Buy food and drink:1:1:f:18:1
B:0:A:2:Listen for rumors:5:5:u:19:0
B:0:R:1:1:1:1:1:1:1:1:1:1:1:1:1:1:1:1:1:1:1:1:1:1:1:0:0:0:0:0:0:1

B:1:N:Mayor:Uldrik:Human
B:1:A:0:Request quest:0:0:q:6:0



############### Town Layout ###############

D:######################################################################################################################################################################################################
D:#TTTTTTTTTTTTTTTTTTTTTTTTTTTTTTTTTTTTTTTTTTTTTTTTTTTTTTTTTTTTTTTTTTTTTTTTTTTTTTTTTTTTTTTTTTTTTTTTTT.TTTTTTTTTTTTTTTTTTTTTTTTTTTTTTTTTTTTTTTTTTTTTTTTTTTTTTTTTTTTTTTTTTTTTTTTTTTTTTTTTTTTTTTTTTTTTTTTT#
D:#TTTTTTTTTTTTTTTTTTTTTTTTTTTTTTTTTTTTTTTTTTTTTTTTTTTTTTTTTTTTTTTTTTTTTTTTTTTTTTTTTTTTTTTTTTTTTTTTTT.-TTTTTTTTTTTTTTTTTTTTTTTTTTTTTTTTTTTTTTTTTTTTTTTTTTTTTTTTTTTTTTTTTTTTTTTTTTTTTTTTTTTTTTTTTTTTTTTT#
D:#TTTTTTTTTTTTTTTTTTTTTTTTTTTTTTTTTTTTTTTTTTTTTTTTTTTTTTTTTTTTTTTTTTTTTTTTTTTTTTTTTTTTTTTTTTTTTTTTT-.---TTTTTTTTTTTTTTTTTTTTTTTTTTTTTTTTTTTTTTTTTTTTTTTTTTTTTTTTTTTTTTTTTTTTTTTTTTTTTTTTTTTTTTTTTTTTTT#
D:#TTTTTTTTTTTTTTTTTTTTTTTTTTTTTTTTTTTTTTTTTTTTTTTTTTTTTTTTTTTTTTTTTTTTTTTTTTTTTTTTTTTTTTTTTTTTTTT---.---TTTTTTTTTTTTTTTTTTTTTTTTTTTTTTTTTTTTTTTTTTTTTTTTTTTTTTTTTTTTTTTTTTTTTTTTTTTTTTTTTTTTTTTTTTTTTT#
D:#TTTTTTTTTTTTTTTTTTTTTTTTTTTTTTTTTTTTTTTTTTTTTTTTTTTTTTTTTTTTTTTTTTTTTTTTTTTTTTTTTTTTTTTTTTTTTTTT--.---TTTTTTTTTTTTTTTTTTTTTTTTTTTTTTTTTTTTTTTTTTTTTTTTTTTTTTTTTTTTTTTTTTTTTTTTTTTTTTTTTTTTTTTTTTTTTT#
D:#TTTTTTTTTTTTTTTTTTTTTTTTTTTTTTTTTTTTTTTTTTTTTTTTTTTTTTTTTTTTTTTTTTTTTTTTTTTTTTTTTTTTTTTTTTTTTTTTTT..-TTTTTTTTTTTTTTTTTTTTTTTTTTTTTTTTTTTTTTTTTTTTTTTTTTTTTTTTTTTTTTTTTTTTTTTTTTTTTTTTTTTTTTTTTTTTTTT#
D:#TTTTTTTTTTTTTTTTTTTTTTTTTTTTTTTTTTTTTTTTTTTTTTTTTTTTTTTTTTTTTTTTTTTTTTTTTTTTTTTTTTTTTTTTTTTTTTTTTTT.TTTTTTTTTTTTTTTTTTTTTTTTTTTTTTTTTTTTTTTTTTTTTTTTTTTTTTTTTTTTTTTTTTTTTTTTTTTTTTTTTTTTTTTTTTTTTTTT#
D:#TTTTTTTTTTTTTTTTTTTTTTTTTTTTTTTTTTTTTTTTTTTTTTTTTTTTTTTTTTTTTTTTTTTTTTTTTTTTTTTTTTTTTTTTTTTTTTTTTT..TTTTTTTTTTTTTTTTTTTTTTTTTTTTTTTTTTTTTTTTTTTTTTTTTTTTTTTTTTTTTTTTTTTTTTTTTTTTTTTTTTTTTTTTTTTTTTTT#
D:#TTTTTTTTTTTTTTTTTTTTTTTTTTTTTTTTTTTTTTTTTTTTTTTTTTTTTTTTTTTTTTTTTTTTTTTTTTTTTTTTTTTTTTTTTTTTTTTTTT.TTTTTTTTTTTTTTTTTTTTTTTTTTTTTTTTTTTTTTTTTTTTTTTTTTTTTTTTTTTTTTTTTTTTTTTTTTTTTTTTTTTTTTTTTTTTTTTTT#
D:#TTTTTTTTTTTTTTTTTTTTTTTTTTTTTTTTTTTTTTTTTTTTTTTTTTTTTTTTTTTTTTTTTTTTTTTTTTTTTTTTTTTTTTTTTTTTTTTTTT.TTTTTTTTTTTTTTTTTTTTTTTTTTTTTTTTTTTTTTTTTTTTTTTTTTTTTTTTTTTTTTTTTTTTTTTTTTTTTTTTTTTTTTTTTTTTTTTTT#
D:#TTTTTTTTTTTTTTTTTTTTTTTTTTTTTTTTTTTTTTTTTTTTTTTTTTTTTTTTTTTTTTTTTTTTTTTTTTTTTTTTTTTTTTTTTTTTTTTTTT.TTTTTTTTTTTTTTTTTTTTTTTTTTTTTTTTTTTTTTTTTTTTTTTTTTTTTTTTTTTTTTTTTTTTTTTTTTTTTTTTTTTTTTTTTTTTTTTTT#
D:#TTTTTTTTTTTTTTTTTTTTTTTTTTTTTTTTTTTTTTTTTTTTTTTTTTTTTTTTTTTTTTTTTTTTTTTTTTTTTTTTTTTTTTTTTTTTTTTTTT.-TTTTTTTTTTTTTTTTTTTTTTTTTTTTTTTTTT---TTTTTTTTTTTTTTTTTTTTTTTTTTTTTTTTTTTTTTTTTTTTTTTTTTTTTTTTTTT#
D:#TTTTWWWWWTTTTTTTTTTTTTTTTTTTTTTTTTTTTTTTTTTTTTTTTTTTTTTT--------TTTTTTTTTTTTTTTTTTTTTTTTTTTTTTT---.----TTTTTTTTTTTTTTTTTTTTTTTTTTTTT-------TTTTTTTTTTTTTTTTTTTTTTTTTTTTTTTTTTTTTTTTTTTTTTTTTTTTTTTTT#
D:#WWWWTTTTTWWWWWWWWTTTTTTTTTTTTTTTTTTTTTTTTTTTTTTTTTTTTTT-------------------------------------------.-----------------------------------------TTTTTTTTTTTTTTTTTTTTTTTTTTTTTTTTTTTTTTTTTTTTTTTTTTTTTTTT#
D:#TTTTTTTTTTTTTTTTTWTTTTTTTTTTTTTTTTTTTTTTTTTTTTTTTTTTTTT-------------------------------------------.-----------------------------------------TTTTTTTTTTTTTTTTTTTTTTTTTTTTTTTTTTTTTTTTTTTTTTTTTTTTTTTT#
D:#TTTTTTTTTTTTTTTTTTWWTTTTTTTTTTTTTTTTTTTTTTTTTTTTTTTTTTTT---.............................................................................----TTTTTTTTTTTT.............TTTTTTTT------TTTTTTTTTTTTTTTTT#
D:#TTTTTTTTTTTTTTTTTTTTWWWWWWTTTTTTTTTTTTTTTTTTTTTTTTTTTTTTT--.,,,,,,,,,,,,,,,,,,,,,,,,,,,,,,,,,,,,,,,,,,,,,,,,,,,,,,,,,,,,,,,,,,,,,,,,,,,.-----TTTTTT.....TTTTTTTTTTTT......T---------TTTTTTTTTTTTTTTT#
D:#TTTTTTTTTTTTTTTTTTTTTTTTTTWWWWTTTTTTTTTTTTTTTTTTTTTTTTTT---.-WWWWWWWWWWWWWWWWWWWWWWWWWWWWWWWWWWWWWWWWWWWWWWWWWWWWWWWWWWWWWWWWWWWWWWWWW,.------.....TTTTTTTTTTTTTTTTTTTTTT-----------TTTTTTTTTTTTTTTT#
D:#TTTTTTTTTTTTTTTTTTTTTTTTTTTTTTWWWWWTTTTTTTTTTTTTTTTTTTTT---.-W####WWWWWWWWWWWWWWWWWWWWWWWWWWWWWWWWWWWWWWWWWWWWWWWWWWWWWWWWWWWWWWW####W,.----...TTTTTTTTTTTTTTTTTTTTTTTTTT------------TTTTTTTTTTTTTTT#
D:#TTTTTTTTTTTTTTTTTTTTTTTTTTTTTTTTTTTWWWWTTTTTTTTTTTTTTTTT---.-W#######################################################################W,......TTTTTTTTTTTTTTTTTTTTTTTTTTTT-----------TTTTTTTTTTTTTTTT#
D:#TTTTTTTTTTTTTTTTTTTTTTTTTTTTTTTTTTTTTTTWTTTTTTTTTTTTTTTT---.-W#######################################################################W,.---TTTTTTTTTTTTTTTTTTTTTTTTTTTTTTTT--------TTTTTTTTTTTTTTTTT#
D:#TTTTTTTTTTTTTTTTTTTTTTTTTTTTTTTTTTTTTTTTWTTTTTTTTTTTTTTT---.-W###.................................................................###W,.---TTTTTTTTTTTTTTTTTTTTTTTTTTTTTTTT..-----TTTTTTTTTTTTTTTTTT#
D:#TTTTTTTTTTTTTTTTTTTTTTTTTTTTTTTTTTTTTTTTWTTTTTTTTTTTTTTT---.-WW##..########....#####.......#############................######....##WW,.---TTTTTTTTTTTTTTTTTTTTTTTTTTTTTTTT.TTTTTTTTTTTTTTTTTTTTTTTT#
D:#TTTTTTTTTTTTTTTTTTTTTTTTTTTTTTTTTTTTTTTTWWTTTTTTTTTTTTTT---.-WW##..########....#####.......#############................######....##WW,.----TTTTTTTTTTTTTTTTTTTTTTTTTTTTTT..TTTTTTTTTTTTTTTTTTTTTTTT#
D:#TTTTTTTTTTTTTTTTTTTTTTTTTTTTTTTTTTTTTTTTTWWTTTTTTTTTTTT----.-WW##..########....#####.......#############................######....##WW,.---TTTTTTTTTTTTTTTTTTTTTTTTTTTTTTT.TTTTTTTTTTTTTTTTTTTTTTTTT#
D:#TTTTTTTTTTTTTTTTTTTTTTTTTTTTTTTTTTTTTTTTTTTWWWWTTTTTTTTTT--.-WW##..###.........#####.......######b######..........................##WW,.---TTTTTTTTTTTTTTTTTTTTTTTTTTTTTTT.TTTTTTTTTTTTTTTTTTTTTTTTT#
D:#TTTTTTTTTTTTTTTTTTTTTTTTTTTTTTTTTTTTTTTTTTTTTTTWTTTTTTTT---.-WW##..###...........................!................................##WW,.---TTTTTTTTTTTTTTTTTTTTTTTTTTTTTTT.TTTTTTTTTTTTTTTTTTTTTTTTT#
D:#TTTTTTTTTTTTTTTTTTTTTTTTTTTTTTTTTTTTTTTTTTTTTTTWTTTTTTTT---.-WW##.......#########.....#########...................................##WW,.---TTTTTTTTT^^^^^TTTTTTTTTTTTTTTTT.TTTTTTTTTTTTTTTTTTTTTTTTT#
D:#TTTTTTTTTTTTTTTTTTTTTTTTTTTTTTTTTTTTTTTTTTTTTTTTWWTTTTT----.-WW##.......#########.....#########.....#########.....#########.......##WW,.---TTTTTTTT^^^^^^^TTTTTTTTTTTTTTT..TTTTTTTTTTTTTTTTTTTTTTTTT#
D:#TTTTTTTTTTTTTTTTTTTTTTTTTTTTTTTTTTTTTTTTTTTTTTTTTTWW-----WW.WWW##.......#########.....#########.....#########.....#########.......##WW,.----TTTTTT^^^^^^^^TTTTTTTTTTTTTT..TTTTTTTTTTTTTTTTTTTTTTTTTT#
D:#TTTTTTTTTTTTTTTTTTTTTTTTTTTTTTTTTTTTTTTTTTTTTTTTTTTVWV-WW--.-W####......####4####.....####3####.....#########.....####1####......####W,.-----TTTTTT^^>^^^TTTTTTTTTTTTTTT.TTTTTTTTTTTTTTTTTTTTTTTTTTT#
D:#TTTTT.............TTTTTTTTTTTTTTTTTTTTTTTTTTTTTTTTTWWWW----.-W####..................................####2####....................####W,.------TTTTTT,.,TTTTT...............TTTTTTTTTTTTTTTTTTTTTTTTT#
D:#......TTTTTTTTTTT.............TTTT................V..........................................................................................................TTTTTTTTTTTTT..TTTTTTTTTT..............#
D:#TTTTTTTTTTTTTTTTTTTTTTTTTTTTT......TTTTTTTTTTWWWWW---------.-W####...............................................................####W,.------TTTTTTTTTTTTTTTTTTTTTTTTTTTTT............TTTTTTTTTTTTT#
D:#TTTTTTTTTTTTTTTTTTTTTTTTTTTTTTTTTTTTTTTTTTTTWVTTTTT--------.-W####.......########................................................####W,.-----TTTTTTTTTTTTTTTTTTTTTTTTTTTTTTTTTTTTTTTTTTTTTTTTTTTTTTT#
D:#TTTTTTTTTTTTTTTTTTTTTTTTTTTTTTTTTTTTTTTTTTTWTTTTTTTTT------.-WW##........########.................................................##WW,.---TTTTTTTTTTTTTTTTTTTTTTTTTTTTTTTTTTTTTTTTTTTTTTTTTTTTTTTTT#
D:#TTTTTTTTTTTTTTTTTTTTTTTTTTTTTTTTTTTTTTTTTTWTTTTTTTTTTT-----.-WW##........########.....####5####..................#####a######.....##WW,.--TTTTTTTTTTTTTTTTTTTTTTTTTTTTTTTTTTTTTTTTTTTTTTTTTTTTTTTTTT#
D:#TTTTTTTTTTTTTTTTTTTTTTTTTTTTTTTTTTTTTTTTWWTTTTTTTTTTTTTT---.-WW##........#######9.....#########......####6####...############.....##WW,.--TTTTTTTTTTTTTTTTTTTTTTTTTTTTTTTTTTTTTTTTTTTTTTTTTTTTTTTTTT#
D:#TTTTTTTTTTTTTTTTTTTTTTTTTTTTTTTTTTTTWWWWTTTTTTTTTTTTTTT----.-WW##........########.....#########......#########...############.....##WW,.--TTTTTTTTTTTTTTTTTTTTTTTTTTTTTTTTTTTTTTTTTTTTTTTTTTTTTTTTTT#
D:#TTTTTTTTTTTTTTTTTTTTTTTTTTTTTTTTTWWWTTTTTTTTTTTTTTTTTTTT---.,WW##........########.....#########......#########...############.....##WW,.--TTTTTTTTTTTTTTTTTTTTTTTTTTTTTTTTTTTTTTTTTTTTTTTTTTTTTTTTTT#
D:#TTTTTTTTTTTTTTTTTTTTTTTTTTTTTTWWWTTTTTTTTTTTTTTTTTTTTTTTT--.,WW##........########.....#########......#########....................##WW,.--TTTTTTTTTTTTTTTTTTTTTTTTTTTTTTTTTTTTTTTTTTTTTTTTTTTTTTTTTT#
D:#TTTTTTTTTTTTTTTTTTTTTTTTTTTTTWTTTTTTTTTTTTTTTTTTTTTTTTT----.,WW##....................................#########....................##WW,.--TTTTTTTTTTTTTTTTTTTTTTTTTTTTTTTTTTTTTTTTTTTTTTTTTTTTTTTTTT#
D:#TTTTTTTTTTTTTTTTTTTTTTTTTTTTTWTTTTTTTTTTTTTTTTTTTTTTTTTT---.,WW##.............###########.........................................##WW,.---TTTTTTTTTTTTTTTTTTTTTTTTTTTTTTTTTTTTTTTTTTTTTTTTTTTTTTTTT#
D:#TTTTTTTTTTTTTTTTTTTTTTTTTTTWWTTTTTTTTTTTTTTTTTTTTTTTTTTT---.,WW##....#####....###########....#######...................####.......##WW,.----TTTTTTTTTTTTTTTTTT..................TTTTTTTTTTTTTTTTTTTT#
D:#TTTTTTTTTTTTTTTTTTTTTTTTTWWTTTTTTTTTTTTTTTTTTTTTTTTTTTTT---.,WW##....#####....#####7#####....#######.....#######.......###8.......##WW,.----TTTTT.............TTTTTTTTTTTTTTTTTT.TTTTTTTTTTTTTTTTTTT#
D:#TTTTTTTTTTTTTTTTTTTTTTTWWTTTTTTTTTTTTTTTTTTTTTTTTTTTTTTT---.,WW##....#####...................#######.....#######.......####.......##WW,..........TTTTTTTTTTTTTTTTTTTTTTTTTTTTTTTT.TTTTTTTTTTTTTTTTTT#
D:#TTTTTTTTTTTTTTTTTTTWWWWTTTTTTTTTTTTTTTTTTTTTTTTTTTTTTTTT---.,W###.................................................................###W,.----TTTTTTTTTTTTTTTTTTTTTTTTTTTTTTTTTTTTTT.TTTTTTTTTTTTTTTTT#
D:#TTTTTTTTTTTTTTTTTTWTTTTTTTTTTTTTTTTTTTTTTTTTTTTTTTTTTTT----.,W#######################################################################W,.---TTTTTTTTTTTTTTTTTTTTTTTTTTTTTTTTTTTTTTTT.TTTTTTTTTTTTTTTT#
D:#TTTTTTTTTTTTTTTTWWTTTTTTTTTTTTTTTTTTTTTTTTTTTTTTTTTTTTTTT--.,W#######################################################################W,.---TTTTTTTTTTTTTTTTTTTTTTTTTTTTTTTTTTTTTTTTT.TTTTTTTTTTTTTTT#
D:#TTTTTTTTTTTTTTTWTTTTTTTTTTTTTTTTTTTTTTTTTTTTTTTTTTTTTTTT---.,W####WWWWWWWWWWWWWWWWWWWWWWWWWWWWWWWWWWWWWWWWWWWWWWWWWWWWWWWWWWWWWWW####W,.---TTTTTTTTTTTTTTTTTTTTTTTTTTTTTTTTTTTTTTTTTT.TTTTTTTTTTTTTT#
D:#TTTTTTTTTTTTTTWTTTTTTTTTTTTTTTTTTTTTTTTTTTTTTTTTTTTTTTTT---.,WWWWWWWWWWWWWWWWWWWWWWWWWWWWWWWWWWWWWWWWWWWWWWWWWWWWWWWWWWWWWWWWWWWWWWWWW,.----TTTTTTTTTTTTTTTTTTTTTTTTTTTTTTTTTTTTTTTTTT...TTTTTTTTTTT#
D:#TTTTTTTTTTVVWWTTTTTTTTTTTTTTTTTTTTTTTTTTTTTTTTTTTTTTT------.,,,,,,,,,,,,,,,,,,,,,,,,,,,,,,,,,,,,,,,,,,,,,,,,,,,,,,,,,,,,,,,,,,,,,,,,,,,.----TTTTTTTTTTTTTTTTTTTTTTTTTTTTTTTTTTTTTTTTTTTTT.TTTTTTTTTT#
D:#TTTTTTTTTVWWVTTTTTTTTTTTTTTTTTTTTTTTTTTTTTTTTTTTTTTT-------.............................................................................----TTTTTTTTTTTTTTTTTTTTTTTTTTTTTTTTTTTTTTTTTTTTTT.TTTTTTTTT#
D:#TTTTTTTTTWWWWTTTTTTTTTTTTTTTTTTTTTTTTT...............---------------------------------------------------------------------------------------TTTTTTTTTTTTTTTTTTTTTTTTTTTTTTTTTTTTTTTTTTTTTT.TTTTTTTTT#
D:#TTTTTTTTWWWWWWTyTTTTT..................TTTTTTTTTTTTTTTT----------TTTTTTTTTTTTTTTTTTTTTTTTTTTTTTTTTTTTTTTTTTTTTTTTTTTTTTTTTTTTTTTTTTTTTT-----TTTTTTTTTTTTTTTTTTTTTTTTTTTTTTTTTTTTTTTTTTTTTT.TTTTTTTTT#
D:#TTTTTTTVWWWWWWWW......TTTTTTTTTTTTTTTTTTTTTTTTTTTTTTTTTTTTTTTTTTTTTTTTTTTTTTTTTTTTTTTTTTTTTTTTTTTTTTTTTTTTTTTTTTTTTTTTTTTTTTTTTTTTTTTTTTTTTTTTTTTTTTTTTTTTTTTTTTTTTTTTTTTTTTTTTTTTTTTTTTTT.TTTTTTTTT#
D:#TTTTTTVWWWWWWWWWWVTTTTTTTTTTTTTTTTTTTTTTTTTTTTTTTTTTTTTTTTTTTTTTTTTTTTTTTTTTTTTTTTTTTTTTTTTTTTTTTTTTTTTTTTTTTTTTTTTTTTTTTTTTTTTTTTTTTTTTTTTTTTTTTTTTTTTTTTTTTTTTTTTTTTTTTTTTTTTTTTTTTTTTTTT^^^^TTTTT#
D:#TTTTTTWWWWWWWWWWWWTTTTTTTTTTTTTTTTTTTTTTTTTTTTTTTTTTTTTTTTTTTTTTTTTTTTTTTTTTTTTTTTTTTTTTTTTTTTTTTTTTTTTTTTTTTTTTTTTTTTTTTTTTTTTTTTTTTTTTTTTTTTTTTTTTTTTTTTTTTTTTTTTTTTTTTTTTTTTTTTTTTTTT^^^^^^^^^TTT#
D:#TTTTWWWWWWWWWWWWWWWWTTTTTTTTTTTTTTTTTTTTTTTTTTTTTTTTTTTTTTTTTTTTTTTTTTTTTTTTTTTTTTTTTTTTTTTTTTTTTTTTTTTTTTTTTTTTTTTTTTTTTTTTTTTTTTTTTTTTTTTTTTTTTTTTTTTTTTTTTTTTTTTTTTTTTTTTTTTTTTTTT^^^^^^^^^^^^^TT#
D:#TTTTTTWWWWWWWWWWWWWTTTTTTTTTTTTTTTTTTTTTTTTTTTTTTTTTTTTTTTTTTTTTTTTTTTTTTTTTTTTTTTTTTTTTTTTTTTTTTTTTTTTTTTTTTTTTTTTTTTTTTTTTTTTTTTTTTTTTTTTTTTTTTTTTTTTTTTTTTTTTTTTTTTTTTTTTTTTTTT^^^^^^^^^^^^^^^TTT#
D:#TTTTTTVWWWWWWWWWWVTTTTTTTTTTTTTTTTTTTTTTTTTTTTTTTTTTTTTTTTTTTTTTTTTTTTTTTTTTTTTTTTTTTTTTTTTTTTTTTTTTTTTTTTTTTTTTTTTTTTTTTTTTTTTTTTTTTTTTTTTTTTTTTTTTTTTTTTTTTTTTTTTTTTTTTTTTTTTTT^^^^^^^^^^^^^^^TTTT#
D:#TTTTTTTTVWWWWWWWVTTTTTTTTTTTTTTTTTTTTTTTTTTTTTTTTTTTTTTTTTTTTTTTTTTTTTTTTTTTTTTTTTTTTTTTTTTTTTTTTTTTTTTTTTTTTTTTTTTTTTTTTTTTTTTTTTTTTTTTTTTTTTTTTTTTTTTTTTTTTTTTTTTTTTTTTTTTTTTTTT^^^^^^^^^^^^^TTTTT#
D:#TTTTTTTTTTTVVVWWWWTTTTTTTTTTTTTTTTTTTTTTTTTTTTTTTTTTTTTTTTTTTTTTTTTTTTTTTTTTTTTTTTTTTTTTTTTTTTTTTTTTTTTTTTTTTTTTTTTTTTTTTTTTTTTTTTTTTTTTTTTTTTTTTTTTTTTTTTTTTTTTTTTTTTTTTTTTTTTTTTTT^^^^^^^^^TTTTTTT#
D:#TTTTTTTTTTTTTTTTTWWTTTTTTTTTTTTTTTTTTTTTTTTTTTTTTTTTTTTTTTTTTTTTTTTTTTTTTTTTTTTTTTTTTTTTTTTTTTTTTTTTTTTTTTTTTTTTTTTTTTTTTTTTTTTTTTTTTTTTTTTTTTTTTTTTTTTTTTTTTTTTTTTTTTTTTTTTTTTTTTTTTTTTTTTTTTTTTTTT#
D:######################################################################################################################################################################################################


############### Starting positions ###############

# Standard starting position for normal races
?:[AND [EQU $LEAVING_QUEST 0] [NOT [EQU $RACE Vampire] ] ]
P:33:131

# Standard starting position for vampires (at the dungeon entrance)
?:[AND [EQU $LEAVING_QUEST 0] [EQU $RACE Vampire] ]
P:31:150

# Starting position when coming from quest 1
?:[EQU $LEAVING_QUEST 1]
P:34:177

# Starting position when coming from quest 18
?:[EQU $LEAVING_QUEST 18]
P:56:17

